
==============================
🚀 START scrape at: 2026-05-07T09:30:02.322Z
📊 Match: { currentMatch: 50, completedPct: 70 }
📊 Rows found: 8
DEBUG: {
  name: 'SquadSeven9',
  captainImage: '/classic/static-assets/build/images/players/onpitch/0.png',
  transfersLeft: 65
}
DEBUG: {
  name: 'Deccan Dominators',
  captainImage: 'https://fantasy.iplt20.com/classic/static-assets/build/images/players/onpitch/66799.png',
  transfersLeft: 57
}
DEBUG: {
  name: 'VATVAGHOOL XI',
  captainImage: 'https://fantasy.iplt20.com/classic/static-assets/build/images/players/onpitch/70222.png',
  transfersLeft: 59
}
DEBUG: {
  name: 'Watapi',
  captainImage: 'https://fantasy.iplt20.com/classic/static-assets/build/images/players/onpitch/63961.png',
  transfersLeft: 53
}
DEBUG: {
  name: 'RSAwesome 11',
  captainImage: 'https://fantasy.iplt20.com/classic/static-assets/build/images/players/onpitch/66799.png',
  transfersLeft: 62
}
DEBUG: {
  name: 'PKs11',
  captainImage: 'https://fantasy.iplt20.com/classic/static-assets/build/images/players/onpitch/66799.png',
  transfersLeft: 78
}
DEBUG: {
  name: 'Bat Bowl XI',
  captainImage: 'https://fantasy.iplt20.com/classic/static-assets/build/images/players/onpitch/64712.png',
  transfersLeft: 122
}
DEBUG: {
  name: 'RushS01',
  captainImage: 'https://fantasy.iplt20.com/classic/static-assets/build/images/players/onpitch/3852.png',
  transfersLeft: 157
}
📦 Payload ready
📡 Sending SNAPSHOT update
📡 PUT status: 200
📨 Response: {"success":true}
🏁 END scrape at: 2026-05-07T09:30:21.308Z
==============================


==============================
🚀 START scrape at: 2026-05-07T10:00:01.112Z
📊 Match: { currentMatch: 50, completedPct: 70 }
📊 Rows found: 8
DEBUG: {
  name: 'SquadSeven9',
  captainImage: 'https://fantasy.iplt20.com/classic/static-assets/build/images/players/onpitch/66799.png',
  transfersLeft: 65
}
DEBUG: {
  name: 'Deccan Dominators',
  captainImage: 'https://fantasy.iplt20.com/classic/static-assets/build/images/players/onpitch/66799.png',
  transfersLeft: 57
}
DEBUG: {
  name: 'VATVAGHOOL XI',
  captainImage: 'https://fantasy.iplt20.com/classic/static-assets/build/images/players/onpitch/70222.png',
  transfersLeft: 59
}
DEBUG: {
  name: 'Watapi',
  captainImage: 'https://fantasy.iplt20.com/classic/static-assets/build/images/players/onpitch/63961.png',
  transfersLeft: 53
}
DEBUG: {
  name: 'RSAwesome 11',
  captainImage: 'https://fantasy.iplt20.com/classic/static-assets/build/images/players/onpitch/66799.png',
  transfersLeft: 62
}
DEBUG: {
  name: 'PKs11',
  captainImage: 'https://fantasy.iplt20.com/classic/static-assets/build/images/players/onpitch/66799.png',
  transfersLeft: 78
}
DEBUG: {
  name: 'Bat Bowl XI',
  captainImage: 'https://fantasy.iplt20.com/classic/static-assets/build/images/players/onpitch/64712.png',
  transfersLeft: 122
}
DEBUG: {
  name: 'RushS01',
  captainImage: '/classic/static-assets/build/images/players/onpitch/0.png',
  transfersLeft: 157
}
📦 Payload ready
📡 Sending SNAPSHOT update
📡 PUT status: 200
📨 Response: {"success":true}
🏁 END scrape at: 2026-05-07T10:00:21.540Z
==============================


==============================
🚀 START scrape at: 2026-05-07T10:30:00.541Z
📊 Match: { currentMatch: 50, completedPct: 70 }
📊 Rows found: 8
DEBUG: {
  name: 'SquadSeven9',
  captainImage: 'https://fantasy.iplt20.com/classic/static-assets/build/images/players/onpitch/66799.png',
  transfersLeft: 65
}
DEBUG: {
  name: 'Deccan Dominators',
  captainImage: 'https://fantasy.iplt20.com/classic/static-assets/build/images/players/onpitch/66799.png',
  transfersLeft: 57
}
DEBUG: {
  name: 'VATVAGHOOL XI',
  captainImage: 'https://fantasy.iplt20.com/classic/static-assets/build/images/players/onpitch/70222.png',
  transfersLeft: 59
}
DEBUG: {
  name: 'Watapi',
  captainImage: 'https://fantasy.iplt20.com/classic/static-assets/build/images/players/onpitch/63961.png',
  transfersLeft: 53
}
DEBUG: {
  name: 'RSAwesome 11',
  captainImage: 'https://fantasy.iplt20.com/classic/static-assets/build/images/players/onpitch/66799.png',
  transfersLeft: 62
}
DEBUG: {
  name: 'PKs11',
  captainImage: 'https://fantasy.iplt20.com/classic/static-assets/build/images/players/onpitch/66799.png',
  transfersLeft: 78
}
DEBUG: {
  name: 'Bat Bowl XI',
  captainImage: 'https://fantasy.iplt20.com/classic/static-assets/build/images/players/onpitch/64712.png',
  transfersLeft: 122
}
DEBUG: {
  name: 'RushS01',
  captainImage: 'https://fantasy.iplt20.com/classic/static-assets/build/images/players/onpitch/3852.png',
  transfersLeft: 157
}
📦 Payload ready
📡 Sending SNAPSHOT update
📡 PUT status: 200
📨 Response: {"success":true}
🏁 END scrape at: 2026-05-07T10:30:16.113Z
==============================


==============================
🚀 START scrape at: 2026-05-07T11:00:01.231Z
📊 Match: { currentMatch: 50, completedPct: 70 }
📊 Rows found: 8
DEBUG: {
  name: 'SquadSeven9',
  captainImage: 'https://fantasy.iplt20.com/classic/static-assets/build/images/players/onpitch/66799.png',
  transfersLeft: 65
}
DEBUG: {
  name: 'Deccan Dominators',
  captainImage: 'https://fantasy.iplt20.com/classic/static-assets/build/images/players/onpitch/66799.png',
  transfersLeft: 57
}
DEBUG: {
  name: 'VATVAGHOOL XI',
  captainImage: 'https://fantasy.iplt20.com/classic/static-assets/build/images/players/onpitch/70222.png',
  transfersLeft: 59
}
DEBUG: {
  name: 'Watapi',
  captainImage: 'https://fantasy.iplt20.com/classic/static-assets/build/images/players/onpitch/63961.png',
  transfersLeft: 53
}
DEBUG: {
  name: 'RSAwesome 11',
  captainImage: 'https://fantasy.iplt20.com/classic/static-assets/build/images/players/onpitch/66799.png',
  transfersLeft: 62
}
DEBUG: {
  name: 'PKs11',
  captainImage: 'https://fantasy.iplt20.com/classic/static-assets/build/images/players/onpitch/66799.png',
  transfersLeft: 78
}
DEBUG: {
  name: 'Bat Bowl XI',
  captainImage: 'https://fantasy.iplt20.com/classic/static-assets/build/images/players/onpitch/64712.png',
  transfersLeft: 122
}
DEBUG: {
  name: 'RushS01',
  captainImage: 'https://fantasy.iplt20.com/classic/static-assets/build/images/players/onpitch/3852.png',
  transfersLeft: 157
}
📦 Payload ready
📡 Sending SNAPSHOT update
📡 PUT status: 200
📨 Response: {"success":true}
🏁 END scrape at: 2026-05-07T11:00:20.465Z
==============================


==============================
🚀 START scrape at: 2026-05-07T11:30:00.540Z
📊 Match: { currentMatch: 50, completedPct: 70 }
📊 Rows found: 8
DEBUG: {
  name: 'SquadSeven9',
  captainImage: 'https://fantasy.iplt20.com/classic/static-assets/build/images/players/onpitch/66799.png',
  transfersLeft: 65
}
DEBUG: {
  name: 'Deccan Dominators',
  captainImage: 'https://fantasy.iplt20.com/classic/static-assets/build/images/players/onpitch/66799.png',
  transfersLeft: 57
}
DEBUG: {
  name: 'VATVAGHOOL XI',
  captainImage: 'https://fantasy.iplt20.com/classic/static-assets/build/images/players/onpitch/70222.png',
  transfersLeft: 59
}
DEBUG: {
  name: 'Watapi',
  captainImage: 'https://fantasy.iplt20.com/classic/static-assets/build/images/players/onpitch/63961.png',
  transfersLeft: 53
}
DEBUG: {
  name: 'RSAwesome 11',
  captainImage: 'https://fantasy.iplt20.com/classic/static-assets/build/images/players/onpitch/66799.png',
  transfersLeft: 62
}
DEBUG: {
  name: 'PKs11',
  captainImage: 'https://fantasy.iplt20.com/classic/static-assets/build/images/players/onpitch/66799.png',
  transfersLeft: 78
}
DEBUG: {
  name: 'Bat Bowl XI',
  captainImage: 'https://fantasy.iplt20.com/classic/static-assets/build/images/players/onpitch/64712.png',
  transfersLeft: 122
}
DEBUG: {
  name: 'RushS01',
  captainImage: 'https://fantasy.iplt20.com/classic/static-assets/build/images/players/onpitch/3852.png',
  transfersLeft: 157
}
📦 Payload ready
📡 Sending SNAPSHOT update
📡 PUT status: 200
📨 Response: {"success":true}
🏁 END scrape at: 2026-05-07T11:30:15.932Z
==============================


==============================
🚀 START scrape at: 2026-05-07T12:00:00.813Z
📊 Match: { currentMatch: 50, completedPct: 70 }
📊 Rows found: 8
DEBUG: {
  name: 'SquadSeven9',
  captainImage: 'https://fantasy.iplt20.com/classic/static-assets/build/images/players/onpitch/66799.png',
  transfersLeft: 65
}
DEBUG: {
  name: 'Deccan Dominators',
  captainImage: 'https://fantasy.iplt20.com/classic/static-assets/build/images/players/onpitch/66799.png',
  transfersLeft: 57
}
DEBUG: {
  name: 'VATVAGHOOL XI',
  captainImage: 'https://fantasy.iplt20.com/classic/static-assets/build/images/players/onpitch/70222.png',
  transfersLeft: 59
}
DEBUG: {
  name: 'Watapi',
  captainImage: 'https://fantasy.iplt20.com/classic/static-assets/build/images/players/onpitch/63961.png',
  transfersLeft: 53
}
DEBUG: {
  name: 'RSAwesome 11',
  captainImage: 'https://fantasy.iplt20.com/classic/static-assets/build/images/players/onpitch/66799.png',
  transfersLeft: 62
}
DEBUG: {
  name: 'PKs11',
  captainImage: 'https://fantasy.iplt20.com/classic/static-assets/build/images/players/onpitch/66799.png',
  transfersLeft: 78
}
DEBUG: {
  name: 'Bat Bowl XI',
  captainImage: 'https://fantasy.iplt20.com/classic/static-assets/build/images/players/onpitch/64712.png',
  transfersLeft: 122
}
DEBUG: {
  name: 'RushS01',
  captainImage: 'https://fantasy.iplt20.com/classic/static-assets/build/images/players/onpitch/3852.png',
  transfersLeft: 157
}
📦 Payload ready
📡 Sending SNAPSHOT update
📡 PUT status: 200
📨 Response: {"success":true}
🏁 END scrape at: 2026-05-07T12:00:20.636Z
==============================


==============================
🚀 START scrape at: 2026-05-07T12:30:01.433Z
📊 Match: { currentMatch: 50, completedPct: 70 }
📊 Rows found: 8
DEBUG: {
  name: 'SquadSeven9',
  captainImage: 'https://fantasy.iplt20.com/classic/static-assets/build/images/players/onpitch/66799.png',
  transfersLeft: 65
}
DEBUG: {
  name: 'Deccan Dominators',
  captainImage: 'https://fantasy.iplt20.com/classic/static-assets/build/images/players/onpitch/66799.png',
  transfersLeft: 57
}
DEBUG: {
  name: 'VATVAGHOOL XI',
  captainImage: 'https://fantasy.iplt20.com/classic/static-assets/build/images/players/onpitch/70222.png',
  transfersLeft: 59
}
DEBUG: {
  name: 'Watapi',
  captainImage: 'https://fantasy.iplt20.com/classic/static-assets/build/images/players/onpitch/63961.png',
  transfersLeft: 53
}
DEBUG: {
  name: 'RSAwesome 11',
  captainImage: 'https://fantasy.iplt20.com/classic/static-assets/build/images/players/onpitch/66799.png',
  transfersLeft: 62
}
DEBUG: {
  name: 'PKs11',
  captainImage: 'https://fantasy.iplt20.com/classic/static-assets/build/images/players/onpitch/66799.png',
  transfersLeft: 78
}
DEBUG: {
  name: 'Bat Bowl XI',
  captainImage: 'https://fantasy.iplt20.com/classic/static-assets/build/images/players/onpitch/66799.png',
  transfersLeft: 122
}
DEBUG: {
  name: 'RushS01',
  captainImage: 'https://fantasy.iplt20.com/classic/static-assets/build/images/players/onpitch/3852.png',
  transfersLeft: 157
}
📦 Payload ready
❌ Payload invalid
🏁 END scrape at: 2026-05-07T12:30:18.510Z
==============================


==============================
🚀 START scrape at: 2026-05-07T13:00:01.530Z
📊 Match: { currentMatch: 50, completedPct: 70 }
📊 Rows found: 8
DEBUG: {
  name: 'SquadSeven9',
  captainImage: 'https://fantasy.iplt20.com/classic/static-assets/build/images/players/onpitch/66799.png',
  transfersLeft: 65
}
DEBUG: {
  name: 'Deccan Dominators',
  captainImage: 'https://fantasy.iplt20.com/classic/static-assets/build/images/players/onpitch/66799.png',
  transfersLeft: 57
}
DEBUG: {
  name: 'VATVAGHOOL XI',
  captainImage: 'https://fantasy.iplt20.com/classic/static-assets/build/images/players/onpitch/70222.png',
  transfersLeft: 59
}
DEBUG: {
  name: 'Watapi',
  captainImage: 'https://fantasy.iplt20.com/classic/static-assets/build/images/players/onpitch/63961.png',
  transfersLeft: 53
}
DEBUG: {
  name: 'RSAwesome 11',
  captainImage: 'https://fantasy.iplt20.com/classic/static-assets/build/images/players/onpitch/63961.png',
  transfersLeft: 62
}
DEBUG: {
  name: 'PKs11',
  captainImage: 'https://fantasy.iplt20.com/classic/static-assets/build/images/players/onpitch/66799.png',
  transfersLeft: 78
}
DEBUG: {
  name: 'Bat Bowl XI',
  captainImage: 'https://fantasy.iplt20.com/classic/static-assets/build/images/players/onpitch/64712.png',
  transfersLeft: 122
}
DEBUG: {
  name: 'RushS01',
  captainImage: 'https://fantasy.iplt20.com/classic/static-assets/build/images/players/onpitch/3852.png',
  transfersLeft: 157
}
📦 Payload ready
📡 Sending SNAPSHOT update
📡 PUT status: 200
📨 Response: {"success":true}
🏁 END scrape at: 2026-05-07T13:00:22.121Z
==============================


==============================
🚀 START scrape at: 2026-05-07T13:30:01.160Z
📊 Match: { currentMatch: 50, completedPct: 70 }
📊 Rows found: 8
DEBUG: {
  name: 'SquadSeven9',
  captainImage: 'https://fantasy.iplt20.com/classic/static-assets/build/images/players/onpitch/66799.png',
  transfersLeft: 65
}
DEBUG: {
  name: 'Deccan Dominators',
  captainImage: 'https://fantasy.iplt20.com/classic/static-assets/build/images/players/onpitch/66799.png',
  transfersLeft: 57
}
DEBUG: {
  name: 'VATVAGHOOL XI',
  captainImage: 'https://fantasy.iplt20.com/classic/static-assets/build/images/players/onpitch/70222.png',
  transfersLeft: 59
}
DEBUG: {
  name: 'Watapi',
  captainImage: 'https://fantasy.iplt20.com/classic/static-assets/build/images/players/onpitch/63961.png',
  transfersLeft: 53
}
DEBUG: {
  name: 'RSAwesome 11',
  captainImage: 'https://fantasy.iplt20.com/classic/static-assets/build/images/players/onpitch/66799.png',
  transfersLeft: 62
}
DEBUG: {
  name: 'PKs11',
  captainImage: 'https://fantasy.iplt20.com/classic/static-assets/build/images/players/onpitch/66799.png',
  transfersLeft: 78
}
DEBUG: {
  name: 'Bat Bowl XI',
  captainImage: 'https://fantasy.iplt20.com/classic/static-assets/build/images/players/onpitch/64712.png',
  transfersLeft: 122
}
DEBUG: {
  name: 'RushS01',
  captainImage: 'https://fantasy.iplt20.com/classic/static-assets/build/images/players/onpitch/3852.png',
  transfersLeft: 157
}
📦 Payload ready
📡 Sending SNAPSHOT update
📡 PUT status: 200
📨 Response: {"success":true}
🏁 END scrape at: 2026-05-07T13:30:17.660Z
==============================


==============================
🚀 START scrape at: 2026-05-07T14:00:00.867Z
📊 Match: { currentMatch: 50, completedPct: 70 }
📊 Rows found: 8
DEBUG: {
  name: 'SquadSeven9',
  captainImage: 'https://fantasy.iplt20.com/classic/static-assets/build/images/players/onpitch/66799.png',
  transfersLeft: 65
}
DEBUG: {
  name: 'Deccan Dominators',
  captainImage: 'https://fantasy.iplt20.com/classic/static-assets/build/images/players/onpitch/66799.png',
  transfersLeft: 57
}
DEBUG: {
  name: 'VATVAGHOOL XI',
  captainImage: 'https://fantasy.iplt20.com/classic/static-assets/build/images/players/onpitch/70222.png',
  transfersLeft: 59
}
DEBUG: {
  name: 'Watapi',
  captainImage: 'https://fantasy.iplt20.com/classic/static-assets/build/images/players/onpitch/63961.png',
  transfersLeft: 53
}
DEBUG: {
  name: 'RSAwesome 11',
  captainImage: 'https://fantasy.iplt20.com/classic/static-assets/build/images/players/onpitch/66799.png',
  transfersLeft: 62
}
DEBUG: {
  name: 'PKs11',
  captainImage: 'https://fantasy.iplt20.com/classic/static-assets/build/images/players/onpitch/66799.png',
  transfersLeft: 78
}
DEBUG: {
  name: 'Bat Bowl XI',
  captainImage: 'https://fantasy.iplt20.com/classic/static-assets/build/images/players/onpitch/64712.png',
  transfersLeft: 122
}
DEBUG: {
  name: 'RushS01',
  captainImage: 'https://fantasy.iplt20.com/classic/static-assets/build/images/players/onpitch/3852.png',
  transfersLeft: 157
}
📦 Payload ready
📡 Sending SNAPSHOT update
📡 PUT status: 200
📨 Response: {"success":true}
🏁 END scrape at: 2026-05-07T14:00:18.140Z
==============================


==============================
🚀 START scrape at: 2026-05-07T14:30:00.659Z
📊 Match: { currentMatch: 50, completedPct: 70 }
📊 Rows found: 8
DEBUG: {
  name: 'SquadSeven9',
  captainImage: 'https://fantasy.iplt20.com/classic/static-assets/build/images/players/onpitch/3993.png',
  transfersLeft: 62
}
DEBUG: {
  name: 'Deccan Dominators',
  captainImage: 'https://fantasy.iplt20.com/classic/static-assets/build/images/players/onpitch/3993.png',
  transfersLeft: 54
}
DEBUG: {
  name: 'VATVAGHOOL XI',
  captainImage: 'https://fantasy.iplt20.com/classic/static-assets/build/images/players/onpitch/64219.png',
  transfersLeft: 57
}
DEBUG: {
  name: 'Watapi',
  captainImage: 'https://fantasy.iplt20.com/classic/static-assets/build/images/players/onpitch/3993.png',
  transfersLeft: 50
}
DEBUG: {
  name: 'RSAwesome 11',
  captainImage: 'https://fantasy.iplt20.com/classic/static-assets/build/images/players/onpitch/3993.png',
  transfersLeft: 60
}
DEBUG: {
  name: 'PKs11',
  captainImage: 'https://fantasy.iplt20.com/classic/static-assets/build/images/players/onpitch/3993.png',
  transfersLeft: 76
}
DEBUG: {
  name: 'Bat Bowl XI',
  captainImage: 'https://fantasy.iplt20.com/classic/static-assets/build/images/players/onpitch/85736.png',
  transfersLeft: 120
}
DEBUG: {
  name: 'RushS01',
  captainImage: 'https://fantasy.iplt20.com/classic/static-assets/build/images/players/onpitch/85736.png',
  transfersLeft: 157
}
📦 Payload ready
📡 Sending SNAPSHOT update
📡 PUT status: 200
📨 Response: {"success":true}
🏁 END scrape at: 2026-05-07T14:30:17.757Z
==============================


==============================
🚀 START scrape at: 2026-05-07T15:00:00.883Z
📊 Match: { currentMatch: 50, completedPct: 70 }
📊 Rows found: 8
DEBUG: {
  name: 'SquadSeven9',
  captainImage: 'https://fantasy.iplt20.com/classic/static-assets/build/images/players/onpitch/3993.png',
  transfersLeft: 62
}
DEBUG: {
  name: 'Deccan Dominators',
  captainImage: 'https://fantasy.iplt20.com/classic/static-assets/build/images/players/onpitch/3993.png',
  transfersLeft: 54
}
DEBUG: {
  name: 'VATVAGHOOL XI',
  captainImage: 'https://fantasy.iplt20.com/classic/static-assets/build/images/players/onpitch/64219.png',
  transfersLeft: 57
}
DEBUG: {
  name: 'Watapi',
  captainImage: 'https://fantasy.iplt20.com/classic/static-assets/build/images/players/onpitch/64219.png',
  transfersLeft: 50
}
DEBUG: {
  name: 'RSAwesome 11',
  captainImage: 'https://fantasy.iplt20.com/classic/static-assets/build/images/players/onpitch/3993.png',
  transfersLeft: 60
}
DEBUG: {
  name: 'PKs11',
  captainImage: 'https://fantasy.iplt20.com/classic/static-assets/build/images/players/onpitch/3993.png',
  transfersLeft: 76
}
DEBUG: {
  name: 'Bat Bowl XI',
  captainImage: 'https://fantasy.iplt20.com/classic/static-assets/build/images/players/onpitch/85736.png',
  transfersLeft: 120
}
DEBUG: {
  name: 'RushS01',
  captainImage: '/classic/static-assets/build/images/players/onpitch/0.png',
  transfersLeft: 157
}
📦 Payload ready
📡 Sending SNAPSHOT update
📡 PUT status: 200
📨 Response: {"success":true}
🏁 END scrape at: 2026-05-07T15:00:18.739Z
==============================

